[Global Setup] Testing connectivity to http://localhost:3003
[Global Setup] Successfully connected to http://localhost:3003
[Global Setup] Skipping login: TEST_ADMIN_USERNAME/TEST_ADMIN_PASSWORD not set.
[Global Setup] Setup complete

Running 1 test using 1 worker

[1A[2K[1/1] [chromium] › e2e\user-tasks.spec.ts:14:7 › User Tasks › Complete all user tasks with screenshots
[1A[2K[chromium] › e2e\user-tasks.spec.ts:14:7 › User Tasks › Complete all user tasks with screenshots
Task 1: Creating blog post...

[1A[2KLOGIN REQUEST: POST http://localhost:3007/api/auth/login

[1A[2KLOGIN REQUEST BODY: {"username":"kevin","password":"(130Bpm)"}

[1A[2KLOGIN REQUEST HEADERS: {
  [32m'sec-ch-ua-platform'[39m: [32m'"Windows"'[39m,
  referer: [32m'http://localhost:3007/login'[39m,
  [32m'accept-language'[39m: [32m'en-US'[39m,
  [32m'sec-ch-ua'[39m: [32m'"HeadlessChrome";v="141", "Not?A_Brand";v="8", "Chromium";v="141"'[39m,
  [32m'sec-ch-ua-mobile'[39m: [32m'?0'[39m,
  [32m'user-agent'[39m: [32m'Mozilla/5.0 (Windows NT 10.0; Win64; x64) AppleWebKit/537.36 (KHTML, like Gecko) Chrome/141.0.7390.37 Safari/537.36'[39m,
  accept: [32m'application/json'[39m,
  [32m'content-type'[39m: [32m'application/json'[39m
}

[1A[2KLOGIN RESPONSE: [33m200[39m

[1A[2KLOGIN RESPONSE HEADERS: {
  [32m'x-request-id'[39m: [32m'1e8e35e0-9d0b-43c7-aa41-c4544352fa92'[39m,
  [32m'ratelimit-policy'[39m: [32m'500;w=900'[39m,
  [32m'ratelimit-remaining'[39m: [32m'466'[39m,
  etag: [32m'W/"96-o7A3RMkpDbW5RSvlfcwa66ujAhs"'[39m,
  [32m'ratelimit-reset'[39m: [32m'624'[39m,
  [32m'x-permitted-cross-domain-policies'[39m: [32m'none'[39m,
  [32m'x-content-type-options'[39m: [32m'nosniff'[39m,
  [32m'x-response-time'[39m: [32m'190.44ms'[39m,
  [32m'keep-alive'[39m: [32m'timeout=5, max=1000'[39m,
  date: [32m'Sat, 08 Nov 2025 16:34:15 GMT'[39m,
  [32m'content-type'[39m: [32m'application/json; charset=utf-8'[39m,
  vary: [32m'Accept-Encoding'[39m,
  [32m'x-frame-options'[39m: [32m'SAMEORIGIN'[39m,
  [32m'strict-transport-security'[39m: [32m'max-age=15552000; includeSubDomains'[39m,
  [32m'content-security-policy'[39m: [32m"default-src 'self';base-uri 'self';font-src 'self' https: data:;form-action 'self';frame-ancestors 'self';img-src 'self' data:;object-src 'none';script-src 'self';script-src-attr 'none';style-src 'self' https: 'unsafe-inline';upgrade-insecure-requests"[39m,
  [32m'x-dns-prefetch-control'[39m: [32m'off'[39m,
  [32m'cross-origin-opener-policy'[39m: [32m'same-origin'[39m,
  [32m'cross-origin-resource-policy'[39m: [32m'cross-origin'[39m,
  connection: [32m'keep-alive'[39m,
  [32m'referrer-policy'[39m: [32m'no-referrer'[39m,
  [32m'x-download-options'[39m: [32m'noopen'[39m,
  [32m'ratelimit-limit'[39m: [32m'500'[39m,
  [32m'cross-origin-embedder-policy'[39m: [32m'require-corp'[39m,
  [32m'access-control-allow-origin'[39m: [32m'http://localhost:3007'[39m,
  [32m'content-length'[39m: [32m'150'[39m,
  [32m'x-xss-protection'[39m: [32m'0'[39m,
  [32m'origin-agent-cluster'[39m: [32m'?1'[39m
}

[1A[2KLOGIN RESPONSE BODY: {"message":"Login successful","user":{"id":"371cb7e4-9f81-4cbf-8d92-787ed01abdbc","email":"kevin@kevinalthaus.com","username":"kevin","role":"admin"}}

[1A[2K✓ Task 1 complete - Screenshot saved: task1-blog-post-published.png

[1A[2KTask 2: Changing site title...

[1A[2K✓ Task 2 complete - Screenshot saved: task2-frontend-title-change.png

[1A[2KTask 3: Changing API keys...

[1A[2K✓ Google Maps API key saved - Screenshot: task3-google-maps-api-key.png

[1A[2K✓ USPS API key saved - Screenshot: task3-usps-api-key.png

[1A[2K✓ Census.gov API key saved - Screenshot: task3-census-api-key.png

[1A[2K
=== ALL TASKS COMPLETE ===

[1A[2KScreenshots saved:

[1A[2K1. task1-blog-post-published.png

[1A[2K2. task2-frontend-title-change.png

[1A[2K3. task3-google-maps-api-key.png

[1A[2K4. task3-usps-api-key.png

[1A[2K5. task3-census-api-key.png

[1A[2K  1 passed (30.1s)
